\BOOKMARK [1][-]{section.1}{\376\377\144\130\211\201}{}% 1
\BOOKMARK [1][-]{section.2}{\376\377\200\314\146\157\116\016\225\356\230\230\143\320\121\372}{}% 2
\BOOKMARK [2][-]{subsection.2.1}{\376\377\213\244\167\345\200\314\146\157}{section.2}% 3
\BOOKMARK [2][-]{subsection.2.2}{\376\377\133\236\232\214\225\356\230\230}{section.2}% 4
\BOOKMARK [1][-]{section.3}{\376\377\133\236\232\214\166\356\150\007}{}% 5
\BOOKMARK [1][-]{section.4}{\376\377\133\236\232\214\163\257\130\203\116\016\145\271\154\325}{}% 6
\BOOKMARK [2][-]{subsection.4.1}{\376\377\163\257\130\203}{section.4}% 7
\BOOKMARK [2][-]{subsection.4.2}{\376\377\176\337\116\000\116\373\122\241\133\232\116\111}{section.4}% 8
\BOOKMARK [2][-]{subsection.4.3}{\376\377\140\047\200\375\143\007\150\007}{section.4}% 9
\BOOKMARK [2][-]{subsection.4.4}{\376\377\177\026\213\321\116\016\122\006\147\220\124\175\116\344}{section.4}% 10
\BOOKMARK [1][-]{section.5}{\376\377\122\006\226\066\153\265\117\030\123\026\133\236\163\260}{}% 11
\BOOKMARK [2][-]{subsection.5.1}{\376\377\000V\0001\377\032\000N\000a\000i\000v\000e\000\040\000S\000G\000E\000M\000M\377\010\127\372\176\277\377\011}{section.5}% 12
\BOOKMARK [2][-]{subsection.5.2}{\376\377\000V\0002\377\032\000S\000h\000a\000r\000e\000d\000\040\000M\000e\000m\000o\000r\000y\000\040\000T\000i\000l\000i\000n\000g}{section.5}% 13
\BOOKMARK [2][-]{subsection.5.3}{\376\377\000V\0003\377\032\000T\000h\000r\000e\000a\000d\000\040\000T\000i\000l\000i\000n\000g\377\010\133\304\133\130\126\150\131\026\171\357\377\011}{section.5}% 14
\BOOKMARK [2][-]{subsection.5.4}{\376\377\000V\0004\377\032\000P\000i\000p\000e\000l\000i\000n\000e\000\040\123\314\177\023\121\262}{section.5}% 15
\BOOKMARK [2][-]{subsection.5.5}{\376\377\000V\0005\377\032\000T\000e\000n\000s\000o\000r\000\040\000C\000o\000r\000e\377\010\000T\000F\0003\0002\000,\000\040\000W\000M\000M\000A\377\011}{section.5}% 16
\BOOKMARK [2][-]{subsection.5.6}{\376\377\000V\0006\377\032\000T\000e\000n\000s\000o\000r\000\040\000C\000o\000r\000e\000\040\000F\000P\0001\0006\377\010\147\000\176\310\162\110\147\054\377\011}{section.5}% 17
\BOOKMARK [1][-]{section.6}{\376\377\176\323\147\234\154\107\140\073}{}% 18
\BOOKMARK [1][-]{section.7}{\376\377\213\250\213\272\377\032\164\366\230\210\217\301\171\373\116\016\145\271\154\325\213\272\154\211\155\300}{}% 19
\BOOKMARK [2][-]{subsection.7.1}{\376\377\164\366\230\210\217\301\171\373\215\357\137\204}{section.7}% 20
\BOOKMARK [2][-]{subsection.7.2}{\376\377\116\011\147\141\172\063\133\232\147\011\145\110\166\204\135\345\172\013\123\237\122\031}{section.7}% 21
\BOOKMARK [1][-]{section.8}{\376\377\176\323\213\272}{}% 22
\BOOKMARK [1][-]{section.9}{\376\377\124\016\176\355\135\345\117\134}{}% 23
\BOOKMARK [1][-]{appendix.A}{\376\377\177\026\213\321\213\364\146\016}{}% 24
